2026-09-16 11:40:26.196: [INFO] OnDoneLoading sync enabled: 0
2026-09-16 11:42:55.537: [INFO] OnDoneLoading sync enabled: 0
2026-09-21 09:53:16.453: [INFO] CurrentProfilePath: D:\2DAM\acceso_datos\proyectos\.metadata\.plugins\org.eclipse.swt\EBWebView\Default
2026-09-21 09:53:16.453: [INFO] Profiles total count: 1
2026-09-21 09:53:16.453: [INFO] Profile: name=Perfil 1 path=D:\2DAM\acceso_datos\proyectos\.metadata\.plugins\org.eclipse.swt\EBWebView\Default lastActive=2026-09-16T11:43:03.268Z
2026-09-21 09:53:16.453: [INFO] LastUsedProfileDir: D:\2DAM\acceso_datos\proyectos\.metadata\.plugins\org.eclipse.swt\EBWebView\Default
2026-09-21 09:53:16.453: [INFO] MostRecentlyActiveProfile: name=Perfil 1 path=D:\2DAM\acceso_datos\proyectos\.metadata\.plugins\org.eclipse.swt\EBWebView\Default lastActive=2026-09-16T11:43:03.268Z
2026-09-21 09:53:16.453: [INFO] OnDoneLoading sync enabled: 0
2026-09-21 09:53:16.453: [INFO] BookmarkModelLoaded, ids_reassigned: 0
2026-09-21 09:53:16.453: [INFO] BookmarksLoadDropped droppedNodes=0
2026-09-21 09:53:16.454: [INFO] BookmarksSnapshot Startup total=0 bar=0 other=0 mobile=0 showBar=0 showBarNTP=1
2026-09-21 09:53:29.724: [INFO] BookmarksSnapshot Shutdown total=0 bar=0 other=0 mobile=0 showBar=0 showBarNTP=1
2026-09-21 10:20:33.272: [INFO] CurrentProfilePath: D:\2DAM\acceso_datos\proyectos\.metadata\.plugins\org.eclipse.swt\EBWebView\Default
2026-09-21 10:20:33.272: [INFO] Profiles total count: 1
2026-09-21 10:20:33.273: [INFO] Profile: name=Perfil 1 path=D:\2DAM\acceso_datos\proyectos\.metadata\.plugins\org.eclipse.swt\EBWebView\Default lastActive=2026-09-21T09:53:28.863Z
2026-09-21 10:20:33.273: [INFO] LastUsedProfileDir: D:\2DAM\acceso_datos\proyectos\.metadata\.plugins\org.eclipse.swt\EBWebView\Default
2026-09-21 10:20:33.273: [INFO] MostRecentlyActiveProfile: name=Perfil 1 path=D:\2DAM\acceso_datos\proyectos\.metadata\.plugins\org.eclipse.swt\EBWebView\Default lastActive=2026-09-21T09:53:28.863Z
2026-09-21 10:20:33.273: [INFO] OnDoneLoading sync enabled: 0
2026-09-21 10:20:33.273: [INFO] BookmarkModelLoaded, ids_reassigned: 0
2026-09-21 10:20:33.273: [INFO] BookmarksLoadDropped droppedNodes=0
2026-09-21 10:20:33.273: [INFO] BookmarksSnapshot Startup total=0 bar=0 other=0 mobile=0 showBar=0 showBarNTP=1
2026-09-21 10:23:29.826: [INFO] BookmarksSnapshot Shutdown total=0 bar=0 other=0 mobile=0 showBar=0 showBarNTP=1
2026-09-23 10:24:48.469: [INFO] CurrentProfilePath: D:\2DAM\acceso_datos\proyectos\.metadata\.plugins\org.eclipse.swt\EBWebView\Default
2026-09-23 10:24:48.469: [INFO] Profiles total count: 1
2026-09-23 10:24:48.469: [INFO] Profile: name=Perfil 1 path=D:\2DAM\acceso_datos\proyectos\.metadata\.plugins\org.eclipse.swt\EBWebView\Default lastActive=2026-09-21T09:53:28.863Z
2026-09-23 10:24:48.469: [INFO] LastUsedProfileDir: D:\2DAM\acceso_datos\proyectos\.metadata\.plugins\org.eclipse.swt\EBWebView\Default
2026-09-23 10:24:48.469: [INFO] MostRecentlyActiveProfile: name=Perfil 1 path=D:\2DAM\acceso_datos\proyectos\.metadata\.plugins\org.eclipse.swt\EBWebView\Default lastActive=2026-09-21T09:53:28.863Z
2026-09-23 10:24:48.469: [INFO] OnDoneLoading sync enabled: 0
2026-09-23 10:24:48.469: [INFO] BookmarkModelLoaded, ids_reassigned: 0
2026-09-23 10:24:48.469: [INFO] BookmarksLoadDropped droppedNodes=0
2026-09-23 10:24:48.469: [INFO] BookmarksSnapshot Startup total=0 bar=0 other=0 mobile=0 showBar=0 showBarNTP=1
2026-09-23 11:22:40.698: [INFO] BookmarksSnapshot Shutdown total=0 bar=0 other=0 mobile=0 showBar=0 showBarNTP=1
2026-09-23 11:23:04.023: [INFO] CurrentProfilePath: D:\2DAM\acceso_datos\proyectos\.metadata\.plugins\org.eclipse.swt\EBWebView\Default
2026-09-23 11:23:04.023: [INFO] Profiles total count: 1
2026-09-23 11:23:04.024: [INFO] Profile: name=Perfil 1 path=D:\2DAM\acceso_datos\proyectos\.metadata\.plugins\org.eclipse.swt\EBWebView\Default lastActive=2026-09-23T11:17:29.264Z
2026-09-23 11:23:04.024: [INFO] LastUsedProfileDir: D:\2DAM\acceso_datos\proyectos\.metadata\.plugins\org.eclipse.swt\EBWebView\Default
2026-09-23 11:23:04.024: [INFO] MostRecentlyActiveProfile: name=Perfil 1 path=D:\2DAM\acceso_datos\proyectos\.metadata\.plugins\org.eclipse.swt\EBWebView\Default lastActive=2026-09-23T11:17:29.264Z
2026-09-23 11:23:04.024: [INFO] OnDoneLoading sync enabled: 0
2026-09-23 11:23:04.024: [INFO] BookmarkModelLoaded, ids_reassigned: 0
2026-09-23 11:23:04.024: [INFO] BookmarksLoadDropped droppedNodes=0
2026-09-23 11:23:04.024: [INFO] BookmarksSnapshot Startup total=0 bar=0 other=0 mobile=0 showBar=0 showBarNTP=1
2026-09-23 11:44:20.339: [INFO] BookmarksSnapshot Shutdown total=0 bar=0 other=0 mobile=0 showBar=0 showBarNTP=1
2026-09-30 10:20:07.704: [INFO] CurrentProfilePath: D:\2DAM\acceso_datos\proyectos\.metadata\.plugins\org.eclipse.swt\EBWebView\Default
2026-09-30 10:20:07.704: [INFO] Profiles total count: 1
2026-09-30 10:20:07.704: [INFO] Profile: name=Perfil 1 path=D:\2DAM\acceso_datos\proyectos\.metadata\.plugins\org.eclipse.swt\EBWebView\Default lastActive=2026-09-23T11:17:29.264Z
2026-09-30 10:20:07.704: [INFO] LastUsedProfileDir: D:\2DAM\acceso_datos\proyectos\.metadata\.plugins\org.eclipse.swt\EBWebView\Default
2026-09-30 10:20:07.704: [INFO] MostRecentlyActiveProfile: name=Perfil 1 path=D:\2DAM\acceso_datos\proyectos\.metadata\.plugins\org.eclipse.swt\EBWebView\Default lastActive=2026-09-23T11:17:29.264Z
2026-09-30 10:20:07.704: [INFO] OnDoneLoading sync enabled: 0
2026-09-30 10:20:07.705: [INFO] BookmarkModelLoaded, ids_reassigned: 0
2026-09-30 10:20:07.705: [INFO] BookmarksLoadDropped droppedNodes=0
2026-09-30 10:20:07.705: [INFO] BookmarksSnapshot Startup total=0 bar=0 other=0 mobile=0 showBar=0 showBarNTP=1
2026-09-30 11:43:39.003: [INFO] BookmarksSnapshot Shutdown total=0 bar=0 other=0 mobile=0 showBar=0 showBarNTP=1
